Loaded font: fonts/vcr.ttf
Loaded save data: 4 song scores
Loaded spritesheet from XML: 15 frames, 1 animations
  Animation: 'logo bumpin' (15 frames)
Loaded spritesheet from XML: 30 frames, 1 animations
  Animation: 'gfDance' (30 frames)
Loaded spritesheet from XML: 54 frames, 2 animations
  Animation: 'ENTER PRESSED' (9 frames)
  Animation: 'Press Enter to Begin' (45 frames)
Playing audio: D:\godt engine custom\FNF_MonoGame_Full\bin\Debug\net8.0\win-x64\Content\music/freakyMenu.ogg
Music started! Sample rate: 44100, Channels: 2
AlphabetFont loaded: fonts/alphabet/alphabet_bold (67 chars, maxH=76)
Loaded spritesheet from XML: 48 frames, 8 animations
  Animation: 'storymode idle' (9 frames)
  Animation: 'storymode selected' (3 frames)
  Animation: 'credits idle' (9 frames)
  Animation: 'credits selected' (3 frames)
  Animation: 'freeplay idle' (9 frames)
  Animation: 'freeplay selected' (3 frames)
  Animation: 'options idle' (9 frames)
  Animation: 'options selected' (3 frames)
Loaded spritesheet from XML: 30 frames, 1 animations
  Animation: 'gfDance' (30 frames)
Menu buttons: 8 animations
  'storymode idle' (9 frames)
  'storymode selected' (3 frames)
  'credits idle' (9 frames)
  'credits selected' (3 frames)
  'freeplay idle' (9 frames)
  'freeplay selected' (3 frames)
  'options idle' (9 frames)
  'options selected' (3 frames)
Loaded spritesheet from XML: 16 frames, 2 animations
  Animation: 'mp3 capsule w backing' (8 frames)
  Animation: 'mp3 capsule w backing NOT SELECTED' (8 frames)
Loaded spritesheet from XML: 10 frames, 10 animations
  Animation: 'ZERO' (1 frames)
  Animation: 'ONE' (1 frames)
  Animation: 'TWO' (1 frames)
  Animation: 'THREE' (1 frames)
  Animation: 'FOUR' (1 frames)
  Animation: 'FIVE' (1 frames)
  Animation: 'SIX' (1 frames)
  Animation: 'SEVEN' (1 frames)
  Animation: 'EIGHT' (1 frames)
  Animation: 'NINE' (1 frames)
Loaded spritesheet from XML: 10 frames, 10 animations
  Animation: 'ZERO' (1 frames)
  Animation: 'ONE' (1 frames)
  Animation: 'TWO' (1 frames)
  Animation: 'THREE' (1 frames)
  Animation: 'FOUR' (1 frames)
  Animation: 'FIVE' (1 frames)
  Animation: 'SIX' (1 frames)
  Animation: 'SEVEN' (1 frames)
  Animation: 'EIGHT' (1 frames)
  Animation: 'NINE' (1 frames)
Loaded spritesheet from XML: 2 frames, 2 animations
  Animation: 'WEEK text instance ' (1 frames)
  Animation: 'WEEKEND text instance ' (1 frames)
Loaded spritesheet from XML: 45 frames, 1 animations
  Animation: 'NEW notif' (45 frames)
Loaded spritesheet from XML: 10 frames, 1 animations
  Animation: 'fire loop full instance ' (10 frames)
Loaded spritesheet from XML: 10 frames, 1 animations
  Animation: 'sparkle Export' (10 frames)
Loaded spritemap: 4 frames, 2 animations, 0 composite
  Animation: 'difficulty stars' (100 frames)
  Animation: 'diffuculty dot' (1 frames)
  Main timeline split into 1 label animations: default
Loaded spritemap: 4 frames, 5 animations, 0 composite
  Animation: 'BIG SHOES' (1 frames)
  Animation: 'YEAH' (1 frames)
  Animation: 'YES YES YES' (1 frames)
  Animation: 'GET IT' (1 frames)
  Animation: 'default' (24 frames)
Loaded spritesheet from XML: 10 frames, 2 animations
  Animation: 'open' (9 frames)
  Animation: 'idle' (1 frames)
Loaded spritemap: 515 frames, 4 animations, 4 composite
  Animation: 'boyfriend dj intro' (17 frames) [composite]
  Animation: 'Boyfriend DJ' (14 frames) [composite]
  Animation: 'Boyfriend DJ confirm' (30 frames) [composite]
  Animation: 'Boyfriend DJ fist pump' (65 frames) [composite]
Loaded spritesheet from XML: 27 frames, 1 animations
  Animation: 'highscore small instance ' (27 frames)
Loaded spritesheet from XML: 15 frames, 1 animations
  Animation: 'arrow pointer loop' (15 frames)
Loaded spritesheet from XML: 12 frames, 1 animations
  Animation: 'pulse' (12 frames)
Loaded spritesheet from XML: 85 frames, 6 animations
  Animation: 'EXCELLENT rank' (14 frames)
  Animation: 'GOOD rank' (13 frames)
  Animation: 'GREAT rank' (13 frames)
  Animation: 'LOSS rank' (17 frames)
  Animation: 'PERFECT rank' (14 frames)
  Animation: 'PERFECT rank GOLD' (14 frames)
Loaded spritesheet from XML: 12 frames, 2 animations
  Animation: 'switch' (4 frames)
  Animation: 'idle' (8 frames)
Loaded spritesheet from XML: 10 frames, 2 animations
  Animation: 'switch' (2 frames)
  Animation: 'idle' (8 frames)
Loaded spritesheet from XML: 12 frames, 2 animations
  Animation: 'switch' (4 frames)
  Animation: 'idle' (8 frames)
Loaded spritesheet from XML: 12 frames, 2 animations
  Animation: 'switch' (4 frames)
  Animation: 'idle' (8 frames)
Loaded spritesheet from XML: 14 frames, 2 animations
  Animation: 'switch' (4 frames)
  Animation: 'idle' (10 frames)
Loaded spritesheet from XML: 14 frames, 2 animations
  Animation: 'switch' (4 frames)
  Animation: 'idle' (10 frames)
Loaded spritesheet from XML: 14 frames, 2 animations
  Animation: 'idle' (10 frames)
  Animation: 'switch' (4 frames)
Playing audio: D:\godt engine custom\FNF_MonoGame_Full\bin\Debug\net8.0\win-x64\Content\music/freeplayRandom.ogg
Music started! Sample rate: 48000, Channels: 2
Loaded spritesheet from XML: 6 frames, 3 animations
  Animation: 'idle' (1 frames)
  Animation: 'confirm' (4 frames)
  Animation: 'confirm-hold' (1 frames)
Loaded spritesheet from XML: 6 frames, 3 animations
  Animation: 'idle' (1 frames)
  Animation: 'confirm' (4 frames)
  Animation: 'confirm-hold' (1 frames)
Loaded spritesheet from XML: 6 frames, 3 animations
  Animation: 'idle' (1 frames)
  Animation: 'confirm' (4 frames)
  Animation: 'confirm-hold' (1 frames)
Loaded spritesheet from XML: 6 frames, 3 animations
  Animation: 'idle' (1 frames)
  Animation: 'confirm' (4 frames)
  Animation: 'confirm-hold' (1 frames)
Loaded spritesheet from XML: 6 frames, 3 animations
  Animation: 'idle' (1 frames)
  Animation: 'confirm' (4 frames)
  Animation: 'confirm-hold' (1 frames)
Loaded spritesheet from XML: 6 frames, 3 animations
  Animation: 'idle' (1 frames)
  Animation: 'confirm' (4 frames)
  Animation: 'confirm-hold' (1 frames)
Loaded spritesheet from XML: 6 frames, 3 animations
  Animation: 'idle' (1 frames)
  Animation: 'confirm' (4 frames)
  Animation: 'confirm-hold' (1 frames)
Loaded spritesheet from XML: 6 frames, 3 animations
  Animation: 'idle' (1 frames)
  Animation: 'confirm' (4 frames)
  Animation: 'confirm-hold' (1 frames)
Loaded spritesheet from XML: 6 frames, 3 animations
  Animation: 'idle' (1 frames)
  Animation: 'confirm' (4 frames)
  Animation: 'confirm-hold' (1 frames)
Loaded spritesheet from XML: 6 frames, 3 animations
  Animation: 'idle' (1 frames)
  Animation: 'confirm' (4 frames)
  Animation: 'confirm-hold' (1 frames)
Loaded spritesheet from XML: 7 frames, 3 animations
  Animation: 'idle' (1 frames)
  Animation: 'confirm' (5 frames)
  Animation: 'confirm-hold' (1 frames)
Loaded spritesheet from XML: 7 frames, 3 animations
  Animation: 'idle' (1 frames)
  Animation: 'confirm' (5 frames)
  Animation: 'confirm-hold' (1 frames)
Loaded spritesheet from XML: 7 frames, 3 animations
  Animation: 'idle' (1 frames)
  Animation: 'confirm' (5 frames)
  Animation: 'confirm-hold' (1 frames)
Loaded spritesheet from XML: 7 frames, 3 animations
  Animation: 'idle' (1 frames)
  Animation: 'confirm' (5 frames)
  Animation: 'confirm-hold' (1 frames)
Loaded spritesheet from XML: 7 frames, 3 animations
  Animation: 'idle' (1 frames)
  Animation: 'confirm' (5 frames)
  Animation: 'confirm-hold' (1 frames)
Loaded spritesheet from XML: 6 frames, 3 animations
  Animation: 'idle' (1 frames)
  Animation: 'confirm' (4 frames)
  Animation: 'confirm-hold' (1 frames)
Loaded spritesheet from XML: 6 frames, 3 animations
  Animation: 'idle' (1 frames)
  Animation: 'confirm' (4 frames)
  Animation: 'confirm-hold' (1 frames)
Loaded spritesheet from XML: 6 frames, 3 animations
  Animation: 'idle' (1 frames)
  Animation: 'confirm' (4 frames)
  Animation: 'confirm-hold' (1 frames)
Loaded spritesheet from XML: 6 frames, 3 animations
  Animation: 'idle' (1 frames)
  Animation: 'confirm' (4 frames)
  Animation: 'confirm-hold' (1 frames)
Loaded spritesheet from XML: 6 frames, 3 animations
  Animation: 'idle' (1 frames)
  Animation: 'confirm' (4 frames)
  Animation: 'confirm-hold' (1 frames)
Loaded spritesheet from XML: 6 frames, 3 animations
  Animation: 'idle' (1 frames)
  Animation: 'confirm' (4 frames)
  Animation: 'confirm-hold' (1 frames)
Loaded spritesheet from XML: 6 frames, 3 animations
  Animation: 'idle' (1 frames)
  Animation: 'confirm' (4 frames)
  Animation: 'confirm-hold' (1 frames)
Loaded spritesheet from XML: 5 frames, 3 animations
  Animation: 'idle' (1 frames)
  Animation: 'confirm' (3 frames)
  Animation: 'confirm-hold' (1 frames)
Loaded spritesheet from XML: 6 frames, 3 animations
  Animation: 'idle' (1 frames)
  Animation: 'confirm' (4 frames)
  Animation: 'confirm-hold' (1 frames)
Loaded spritesheet from XML: 6 frames, 3 animations
  Animation: 'idle' (1 frames)
  Animation: 'confirm' (4 frames)
  Animation: 'confirm-hold' (1 frames)
Loaded spritesheet from XML: 6 frames, 3 animations
  Animation: 'idle' (1 frames)
  Animation: 'confirm' (4 frames)
  Animation: 'confirm-hold' (1 frames)
Loaded spritesheet from XML: 6 frames, 3 animations
  Animation: 'idle' (1 frames)
  Animation: 'confirm' (4 frames)
  Animation: 'confirm-hold' (1 frames)
Loaded spritesheet from XML: 6 frames, 3 animations
  Animation: 'idle' (1 frames)
  Animation: 'confirm' (4 frames)
  Animation: 'confirm-hold' (1 frames)
Loaded spritesheet from XML: 7 frames, 3 animations
  Animation: 'idle' (1 frames)
  Animation: 'confirm' (5 frames)
  Animation: 'confirm-hold' (1 frames)
Loaded spritesheet from XML: 7 frames, 3 animations
  Animation: 'idle' (1 frames)
  Animation: 'confirm' (5 frames)
  Animation: 'confirm-hold' (1 frames)
Loaded spritesheet from XML: 6 frames, 3 animations
  Animation: 'idle' (1 frames)
  Animation: 'confirm' (4 frames)
  Animation: 'confirm-hold' (1 frames)
Loaded spritesheet from XML: 6 frames, 3 animations
  Animation: 'idle' (1 frames)
  Animation: 'confirm' (4 frames)
  Animation: 'confirm-hold' (1 frames)
Loaded spritesheet from XML: 6 frames, 3 animations
  Animation: 'idle' (1 frames)
  Animation: 'confirm' (4 frames)
  Animation: 'confirm-hold' (1 frames)
Loaded spritesheet from XML: 7 frames, 3 animations
  Animation: 'idle' (1 frames)
  Animation: 'confirm' (5 frames)
  Animation: 'confirm-hold' (1 frames)
Loaded spritesheet from XML: 6 frames, 3 animations
  Animation: 'idle' (1 frames)
  Animation: 'confirm' (4 frames)
  Animation: 'confirm-hold' (1 frames)
Loaded spritesheet from XML: 6 frames, 3 animations
  Animation: 'idle' (1 frames)
  Animation: 'confirm' (4 frames)
  Animation: 'confirm-hold' (1 frames)
Loaded spritesheet from XML: 6 frames, 3 animations
  Animation: 'idle' (1 frames)
  Animation: 'confirm' (4 frames)
  Animation: 'confirm-hold' (1 frames)
Loaded spritesheet from XML: 7 frames, 3 animations
  Animation: 'idle' (1 frames)
  Animation: 'confirm' (5 frames)
  Animation: 'confirm-hold' (1 frames)
Loaded spritesheet from XML: 6 frames, 3 animations
  Animation: 'idle' (1 frames)
  Animation: 'confirm' (4 frames)
  Animation: 'confirm-hold' (1 frames)
Freeplay loading complete.
Playing audio: D:\godt engine custom\FNF_MonoGame_Full\bin\Debug\net8.0\win-x64\Content\songs/tutorial/Inst.ogg
Music started! Sample rate: 44100, Channels: 2
  Main timeline split into 1 label animations: default
Loaded spritemap: 4 frames, 1 animations, 0 composite
  Animation: 'default' (13 frames)
Loaded spritesheet from XML: 24 frames, 1 animations
  Animation: 'stage full instance ' (24 frames)
  Main timeline split into 1 label animations: default
Loaded spritemap: 2 frames, 3 animations, 0 composite
  Animation: 'back speaker 1 animated' (15 frames)
  Animation: 'back speaker 2 animated' (15 frames)
  Animation: 'default' (15 frames)
  Main timeline split into 1 label animations: default
Loaded spritemap: 1 frames, 2 animations, 0 composite
  Animation: 'name bar' (1 frames)
  Animation: 'default' (4 frames)
Loaded spritesheet from XML: 8 frames, 1 animations
  Animation: 'BF ICON' (8 frames)
Loaded spritesheet from XML: 8 frames, 1 animations
  Animation: 'PICO ICON' (8 frames)
Loaded spritesheet from XML: 21 frames, 1 animations
  Animation: 'CHOOSE horizontal offset instance ' (21 frames)
Loaded spritesheet from XML: 8 frames, 1 animations
  Animation: 'CHOOSE vertical offset instance ' (8 frames)
Loaded spritesheet from XML: 16 frames, 1 animations
  Animation: 'cursor ACCEPTED instance ' (16 frames)
Loaded spritesheet from XML: 15 frames, 1 animations
  Animation: 'cursor DENIED instance ' (15 frames)
  Main timeline split into 5 label animations: Enter, Idle, Confirm, Cancel, Exit
Loaded spritemap: 19 frames, 10 animations, 0 composite
  Animation: 'bf slide in' (9 frames)
  Animation: 'bf cs idle' (14 frames)
  Animation: 'bf cs confirm' (8 frames)
  Animation: 'bf cs deselect' (10 frames)
  Animation: 'bf slide out' (2 frames)
  Animation: 'Enter' (18 frames)
  Animation: 'Idle' (14 frames)
  Animation: 'Confirm' (4 frames)
  Animation: 'Cancel' (10 frames)
  Animation: 'Exit' (2 frames)
[CharSelect] bf player: 10 anims, 0 composites, 10 raw
  Anim keys: bf slide in, bf cs idle, bf cs confirm, bf cs deselect, bf slide out, Enter, Idle, Confirm, Cancel, Exit
  Raw keys: bf slide in, bf cs idle, bf cs confirm, bf cs deselect, bf slide out, Enter, Idle, Confirm, Cancel, Exit
  Playing: Idle, IsRuntimeComposite: True
  Main timeline split into 6 label animations: Enter, IdleLeft, IdleRight, Confirm, Cancel, Exit
Loaded spritemap: 35 frames, 21 animations, 0 composite
  Animation: 'hair back gf' (1 frames)
  Animation: 'body backing gf' (1 frames)
  Animation: 'knee gf' (1 frames)
  Animation: 'arm right gf' (1 frames)
  Animation: 'arm left gf' (1 frames)
  Animation: 'tits gf' (1 frames)
  Animation: 'leg back gf' (1 frames)
  Animation: 'leg front gf' (1 frames)
  Animation: 'head gf' (1 frames)
  Animation: 'face 1 gf' (11 frames)
  Animation: 'GF character select' (30 frames)
  Animation: 'Partner GF idle' (30 frames)
  Animation: 'speaker systems' (30 frames)
  Animation: 'Partner GF confirm' (24 frames)
  Animation: 'Partner GF deselect' (52 frames)
[CharSelect] bf spectator: 21 anims, 0 composites, 11 raw
  Anim keys: hair back gf, body backing gf, knee gf, arm right gf, arm left gf, tits gf, leg back gf, leg front gf, head gf, face 1 gf, GF character select, Partner GF idle, speaker systems, Partner GF confirm, Partner GF deselect, Enter, IdleLeft, IdleRight, Confirm, Cancel, Exit
  Raw keys: GF character select, Partner GF idle, speaker systems, Partner GF confirm, Partner GF deselect, Enter, IdleLeft, IdleRight, Confirm, Cancel, Exit
  Playing: IdleLeft, IsRuntimeComposite: True
  Main timeline split into 5 label animations: Enter, Idle, Confirm, Cancel, Exit
Loaded spritemap: 19 frames, 10 animations, 0 composite
  Animation: 'pico slide in' (9 frames)
  Animation: 'pico cs idle' (14 frames)
  Animation: 'pico cs confirm' (7 frames)
  Animation: 'pico cs deselect' (10 frames)
  Animation: 'pico slide out' (2 frames)
  Animation: 'Enter' (18 frames)
  Animation: 'Idle' (14 frames)
  Animation: 'Confirm' (4 frames)
  Animation: 'Cancel' (10 frames)
  Animation: 'Exit' (2 frames)
[CharSelect] pico player: 10 anims, 0 composites, 10 raw
  Anim keys: pico slide in, pico cs idle, pico cs confirm, pico cs deselect, pico slide out, Enter, Idle, Confirm, Cancel, Exit
  Raw keys: pico slide in, pico cs idle, pico cs confirm, pico cs deselect, pico slide out, Enter, Idle, Confirm, Cancel, Exit
  Playing: Idle, IsRuntimeComposite: True
  Main timeline split into 6 label animations: Enter, IdleLeft, IdleRight, Confirm, Cancel, Exit
Loaded spritemap: 119 frames, 20 animations, 0 composite
  Animation: 'clasped hands' (1 frames)
  Animation: 'arm left nene' (1 frames)
  Animation: 'arm right nene' (1 frames)
  Animation: 'face squirm nene' (23 frames)
  Animation: 'short bang nene' (1 frames)
  Animation: 'long bang' (1 frames)
  Animation: 'head nene' (37 frames)
  Animation: 'back hair nene' (1 frames)
  Animation: 'NENE CS' (54 frames)
  Animation: 'body nene squirm' (1 frames)
  Animation: 'bolts n bits' (1 frames)
  Animation: 'abot cs speaker' (15 frames)
  Animation: 'abot arm' (1 frames)
  Animation: 'speaker backing' (1 frames)
  Animation: 'Enter' (10 frames)
[CharSelect] pico spectator: 20 anims, 0 composites, 8 raw
  Anim keys: clasped hands, arm left nene, arm right nene, face squirm nene, short bang nene, long bang, head nene, back hair nene, NENE CS, body nene squirm, bolts n bits, abot cs speaker, abot arm, speaker backing, Enter, IdleLeft, IdleRight, Confirm, Cancel, Exit
  Raw keys: NENE CS, abot cs speaker, Enter, IdleLeft, IdleRight, Confirm, Cancel, Exit
  Playing: IdleLeft, IsRuntimeComposite: True
Playing audio: D:\godt engine custom\FNF_MonoGame_Full\bin\Debug\net8.0\win-x64\Content\menus/character_select/character_select.ogg
Music started! Sample rate: 48000, Channels: 2
Character select loading complete.
